
aaw-y-btthghkhd
thrzsshsdtthaagh
fkklmnhoy
0123456789
w-u-ytttthbttpth
bh-hhnydyhchcchdddddtdhddhdd
drrrrrrrrjrssssst
ghfffvfphqqkhkkkngkg
gngggllllnnnnnhch
hyhhwoeoeuyuyuwvyyyw
yy-ae

0123456789shdghm



