bgdhwzhtykklmmn
ns-ppzzqrst
wwwyyy
dhklmrtssss-a-a
bgdhwztykklm
nsppzqrstwobkp-l