
0123456789
atabcdefghijklmno
pqrstuvwxyz
abcdefghijklmno
pqrstuvwxyz
avllsss-sstzzz
degal-lsvsstz-zz
raaaaelccceeeeiid
djnnooooeruuuueytss
raaaaelccceeeeiid
djnnooooeruuuueyt