
0123456789
atabcdefghijklmno
pqrstuvwxyz
abcdefghijklmno
pqrstuvwxyz
hvpshssisgaea
degh23uhisgj12z
aaaaeccceeeeiiii
nooagoexguuuueusss
aaaaeccceeeeeiiii
nooagoeguuaueus