
0123456789
atabcdefghijklmno
pqrstuvwxyz
abcdefghijklmno
pqrstuvwxyz
cpsyss-car
deg-23-up1o14-1234
aaaaaeaaeceeeeiiii
dnoooooeouuuueythss
aaaaaeaaeceeeeiiii
dnoooooeouuuueythy