
0123456789
atabcdefghijklmno
pqrstuvwxyz
abcdefghijklmno
pqrstuvwxyz
cpsysscar
deg23up1o141234
aaaaaeaaeceeeeiiii
dnooaooexouuuueythss
aaaaaeaaeceeeeiiii
dnooaooeouuaueythy