
0123456789
atabcdefghijklmno
pqrstuvwxyz
abcdefghijklmno
pqrstuvwxyz
avtlssssstzza
degallsvsstzzz
aaaaaelccceeeeiid
djnnoaooexruuuueytss
raaaaelccceeeeiid
djnnoaooeruuuueyt