
0123456789
atabcdefghijklmno
pqrstuvwxyz
abcdefghijklmno
pqrstuvwxyz
akrihsegtz
degarilvsegtngzng
aeaaaaeaaeiceeeeiii
djnokaooexouuuueuuss
aeaaaaeaaeiceeeeiii
djnokaooeouuaueuu