
0123456789
atabcdefghijklmno
pqrstuvwxyz
abcdefghijklmno
pqrstuvwxyz
akrilss-segtz
degar-ilvsegtngzng
aaaaaeaaeiceeeeiii
djnokoooexouuuueuuss
aaaaaeaaeiceeeeiii
djnokoooeouuuueuu