
0123456789
atabcdefghijklmno
pqrstuvwxyz
abcdefghijklmno
pqrstuvwxyz
hvpshss-isgjz
degh23-uhisgj-12z
aaaaeccceeeeiiii
nooogoeguuuueusss
aaaaeccceeeeeiiii
nooogoeguuuueus