the-price-is-599eur
the-price-is-ps599
the-price-is-599
the-price-is-y5990
599eur-5-euros-99-cents
ps599-5-pounds-99-pence
599-5-dollars-99-cents
y5990-5990-yen
599eur-is-higher-than-599
lorematipsumcom
lorematipsum
lorem-ipsum
loremipsum-at-ipsumcom
my-username-is-atlorem
the-review-gave-5-to-the-place
10-of-10-is-1
use-lorematipsumcom-to-get-a-10-discount
e-mc2
the-gravity-of-earth-is-981-ms2
the-3-comment-at-atlorem-10-of