thrzsshsdtthaagh-599eur
thrzsshsdtthaagh-ps599
bgdhvzkhtykklmmn-599
ri-yi-guo-hui-ren-nian-da-shi-er-ben-zhong-chang-chu-san-tong-y5990
599eur-ri-yi-guo-hui-ren-nian-da-shi-599
bgdhatdtthaaghcom
nian-da-shi-atdtthaagh
bgdh-nian-da-shi
guo-m-at-dtthaaghhvz
my-username-is-atbgdh
the-review-gave-5-to-thaagh
use-nian-da-shi-atdtthaaghhvz-to-get-a-10-discount
ri-ht2
kklm-guo-hui-gh-981-ms2
the-hui-comment-at-atbgdh-10-of