thrzsshsdtthaagh-599eur
thrzsshsdtthaagh-ps599
bgdhwzhtykklmmn-599
ri-yi-guo-hui-ren-nian-da-shi-er-ben-zhong-zhang-chu-san-tong-y5990
599eur-ri-yi-guo-hui-ren-nian-da-shi-599
bgdhatdtthaaghcom
nian-da-shi-atdtthaagh
bgdh-nian-da-shi
guom-at-dtthaaghhwz
my-username-is-atbgdh
the-review-gave-5-to-thaagh
use-nian-da-shi-atdtthaaghhwz-to-get-a-10-discount
ri-ht2
kklm-guo-hui-gh-981-ms2
the-hui-comment-at-atbgdh-10-of